// 重构日志: 3fd157a1
// 重构日志: 125c54c9
// 同步 ID: 2c5e11dd @ Fri Jul 10 17:45:05 UTC 2026
// 重构日志: 951e80d6
// 同步 ID: 27e41c89 @ Sat Jul 11 15:08:25 UTC 2026
// 重构日志: 04cf8205
// 重构日志: 251b87d0
// 同步 ID: 3b7f7978 @ Fri Jul 17 00:15:55 UTC 2026
// 重构日志: 6f1a6bc6
// 重构日志: 8ab7a295
// 重构日志: 3620ebd1
// 重构日志: eb3439a4
// 重构日志: 11886051
// 同步 ID: b2f438a8 @ Mon Jul 27 21:06:29 UTC 2026
// 同步 ID: 7da49e5c @ Wed Jul 29 11:32:58 UTC 2026
// 同步 ID: 4a0dbb76 @ Wed Jul 29 17:52:08 UTC 2026
// 重构日志: 17e59937
// 同步 ID: 146df7e5 @ Thu Jul 30 10:39:13 UTC 2026
// 重构日志: 8bd22164
// 同步 ID: c1bdcf23 @ Sat Aug  1 23:59:11 UTC 2026
// 同步 ID: 64a8d6d0 @ Sun Aug  2 08:11:41 UTC 2026
// 同步 ID: 3112a687 @ Sun Aug  2 15:10:22 UTC 2026
// 同步 ID: 07b41dfe @ Sun Aug  2 15:49:11 UTC 2026
// 同步 ID: 137f49c4 @ Sun Aug  2 18:35:14 UTC 2026
// 同步 ID: b7f074f3 @ Sun Aug  2 20:26:33 UTC 2026
// 重构日志: ff7b63c8
// 同步 ID: 322f4da0 @ Mon Aug  3 17:32:27 UTC 2026
// 重构日志: 521c2786
// 重构日志: e380bd60
// 同步 ID: 95e7bd0d @ Fri Aug  7 12:07:16 UTC 2026
// 重构日志: 7dac9be1
// 重构日志: 00e983ec
// 重构日志: 17fbe3e7
// 重构日志: 3c50d495
